// Jest Snapshot v1, https://goo.gl/fbAQLP

exports[`customer view Screen snapshot 1`] = `
<RCTScrollView>
  <View>
    <Text
      style={
        Object {
          "color": "#000000",
          "fontSize": 20,
          "fontWeight": "600",
          "margin": 20,
          "textAlign": "center",
        }
      }
    >
      Customer View page
    </Text>
    <View
      style={
        Object {
          "alignItems": "center",
          "flexDirection": "column",
          "justifyContent": "center",
        }
      }
    >
      <TextInput
        onChangeText={[Function]}
        style={
          Object {
            "alignSelf": "center",
            "borderRadius": 30,
            "borderWidth": 1,
            "margin": 20,
            "padding": 0,
            "paddingHorizontal": 10,
            "paddingVertical": 10,
            "width": 280,
          }
        }
      >
         
      </TextInput>
      <View
        accessible={true}
        collapsable={false}
        focusable={true}
        onClick={[Function]}
        onResponderGrant={[Function]}
        onResponderMove={[Function]}
        onResponderRelease={[Function]}
        onResponderTerminate={[Function]}
        onResponderTerminationRequest={[Function]}
        onStartShouldSetResponder={[Function]}
        style={
          Object {
            "opacity": 1,
          }
        }
      >
        <View
          style={
            Object {
              "alignSelf": "center",
              "backgroundColor": "#1ca3ec",
              "borderRadius": 50,
              "margin": 10,
              "padding": 0,
              "paddingHorizontal": 10,
              "paddingVertical": 10,
              "width": 125,
            }
          }
        >
          <Text
            style={
              Object {
                "color": "#ffffff",
                "fontSize": 18,
                "padding": 5,
                "textAlign": "center",
              }
            }
          >
            Refresh
          </Text>
        </View>
      </View>
      <Text />
    </View>
    <View
      style={
        Object {
          "alignItems": "center",
          "flexDirection": "column",
          "justifyContent": "center",
        }
      }
    />
  </View>
</RCTScrollView>
`;
