// Jest Snapshot v1, https://goo.gl/fbAQLP

exports[`component snapshot 1`] = `
<RCTScrollView>
  <View>
    <Image
      source={
        Object {
          "testUri": "../../../assets/app_logo.png",
        }
      }
      style={
        Object {
          "alignSelf": "center",
          "height": 80,
          "marginTop": 30,
          "resizeMode": "contain",
          "width": 450,
        }
      }
    />
    <View
      style={
        Object {
          "backgroundColor": "#ecf0f1",
          "flex": 1,
          "justifyContent": "center",
          "marginTop": 20,
          "padding": 2,
        }
      }
    >
      <Text
        style={
          Object {
            "color": "#2471A3",
            "fontSize": 18,
            "margin": 5,
          }
        }
      >
        1
        /
        10
      </Text>
      <Text
        style={
          Object {
            "fontSize": 20,
            "fontWeight": "500",
            "margin": 5,
          }
        }
      >
        How long is the average shower in your household?
      </Text>
      <View
        accessible={true}
        collapsable={false}
        focusable={false}
        onClick={[Function]}
        onResponderGrant={[Function]}
        onResponderMove={[Function]}
        onResponderRelease={[Function]}
        onResponderTerminate={[Function]}
        onResponderTerminationRequest={[Function]}
        onStartShouldSetResponder={[Function]}
        style={
          Object {
            "backgroundColor": "#003f69",
            "borderColor": "black",
            "borderRadius": 25,
            "borderWidth": 1,
            "fontSize": 18,
            "height": 60,
            "margin": 30,
            "marginBottom": 3,
            "opacity": 1,
            "paddingHorizontal": 30,
            "textAlign": "center",
          }
        }
      >
        <View
          style={
            Array [
              Object {},
            ]
          }
        >
          <View
            accessible={true}
            collapsable={false}
            focusable={true}
            onClick={[Function]}
            onResponderGrant={[Function]}
            onResponderMove={[Function]}
            onResponderRelease={[Function]}
            onResponderTerminate={[Function]}
            onResponderTerminationRequest={[Function]}
            onStartShouldSetResponder={[Function]}
            style={
              Object {
                "opacity": 1,
              }
            }
          >
            <Text
              style={
                Object {
                  "color": "white",
                  "fontSize": 20,
                  "marginTop": 8,
                  "textAlign": "center",
                }
              }
            >
              Under 5 min
            </Text>
          </View>
        </View>
      </View>
      <View
        accessible={true}
        collapsable={false}
        focusable={false}
        onClick={[Function]}
        onResponderGrant={[Function]}
        onResponderMove={[Function]}
        onResponderRelease={[Function]}
        onResponderTerminate={[Function]}
        onResponderTerminationRequest={[Function]}
        onStartShouldSetResponder={[Function]}
        style={
          Object {
            "backgroundColor": "#003f69",
            "borderColor": "black",
            "borderRadius": 25,
            "borderWidth": 1,
            "fontSize": 18,
            "height": 60,
            "margin": 30,
            "marginBottom": 3,
            "opacity": 1,
            "paddingHorizontal": 30,
            "textAlign": "center",
          }
        }
      >
        <View
          style={
            Array [
              Object {},
            ]
          }
        >
          <View
            accessible={true}
            collapsable={false}
            focusable={true}
            onClick={[Function]}
            onResponderGrant={[Function]}
            onResponderMove={[Function]}
            onResponderRelease={[Function]}
            onResponderTerminate={[Function]}
            onResponderTerminationRequest={[Function]}
            onStartShouldSetResponder={[Function]}
            style={
              Object {
                "opacity": 1,
              }
            }
          >
            <Text
              style={
                Object {
                  "color": "white",
                  "fontSize": 20,
                  "marginTop": 8,
                  "textAlign": "center",
                }
              }
            >
              5-10 min
            </Text>
          </View>
        </View>
      </View>
      <View
        accessible={true}
        collapsable={false}
        focusable={false}
        onClick={[Function]}
        onResponderGrant={[Function]}
        onResponderMove={[Function]}
        onResponderRelease={[Function]}
        onResponderTerminate={[Function]}
        onResponderTerminationRequest={[Function]}
        onStartShouldSetResponder={[Function]}
        style={
          Object {
            "backgroundColor": "#003f69",
            "borderColor": "black",
            "borderRadius": 25,
            "borderWidth": 1,
            "fontSize": 18,
            "height": 60,
            "margin": 30,
            "marginBottom": 3,
            "opacity": 1,
            "paddingHorizontal": 30,
            "textAlign": "center",
          }
        }
      >
        <View
          style={
            Array [
              Object {},
            ]
          }
        >
          <View
            accessible={true}
            collapsable={false}
            focusable={true}
            onClick={[Function]}
            onResponderGrant={[Function]}
            onResponderMove={[Function]}
            onResponderRelease={[Function]}
            onResponderTerminate={[Function]}
            onResponderTerminationRequest={[Function]}
            onStartShouldSetResponder={[Function]}
            style={
              Object {
                "opacity": 1,
              }
            }
          >
            <Text
              style={
                Object {
                  "color": "white",
                  "fontSize": 20,
                  "marginTop": 8,
                  "textAlign": "center",
                }
              }
            >
              11-15 min
            </Text>
          </View>
        </View>
      </View>
      <View
        accessible={true}
        collapsable={false}
        focusable={false}
        onClick={[Function]}
        onResponderGrant={[Function]}
        onResponderMove={[Function]}
        onResponderRelease={[Function]}
        onResponderTerminate={[Function]}
        onResponderTerminationRequest={[Function]}
        onStartShouldSetResponder={[Function]}
        style={
          Object {
            "backgroundColor": "#003f69",
            "borderColor": "black",
            "borderRadius": 25,
            "borderWidth": 1,
            "fontSize": 18,
            "height": 60,
            "margin": 30,
            "marginBottom": 3,
            "opacity": 1,
            "paddingHorizontal": 30,
            "textAlign": "center",
          }
        }
      >
        <View
          style={
            Array [
              Object {},
            ]
          }
        >
          <View
            accessible={true}
            collapsable={false}
            focusable={true}
            onClick={[Function]}
            onResponderGrant={[Function]}
            onResponderMove={[Function]}
            onResponderRelease={[Function]}
            onResponderTerminate={[Function]}
            onResponderTerminationRequest={[Function]}
            onStartShouldSetResponder={[Function]}
            style={
              Object {
                "opacity": 1,
              }
            }
          >
            <Text
              style={
                Object {
                  "color": "white",
                  "fontSize": 20,
                  "marginTop": 8,
                  "textAlign": "center",
                }
              }
            >
              Over 15 min
            </Text>
          </View>
        </View>
      </View>
    </View>
    <View>
      <View
        style={
          Object {
            "backgroundColor": "#2471A3",
            "height": 80,
            "marginTop": 130,
          }
        }
      >
        <RNSVGSvgView
          align="xMidYMid"
          bbHeight={200}
          bbWidth={750}
          focusable={false}
          height={200}
          meetOrSlice={0}
          minX={0}
          minY={0}
          style={
            Array [
              Object {
                "backgroundColor": "transparent",
                "borderWidth": 0,
              },
              Object {
                "flex": 0,
                "height": 200,
                "width": 750,
              },
            ]
          }
          vbHeight={320}
          vbWidth={1440}
          width={750}
        >
          <RNSVGGroup>
            <RNSVGPath
              d="M0,192L60,170.7C120,149,240,107,360,112C480,117,600,171,720,197.3C840,224,960,224,1080,208C1200,192,1320,160,1380,144L1440,128L1440,0L1380,0C1320,0,1200,0,1080,0C960,0,840,0,720,0C600,0,480,0,360,0C240,0,120,0,60,0L0,0Z"
              fill={4280578467}
              propList={
                Array [
                  "fill",
                ]
              }
            />
          </RNSVGGroup>
        </RNSVGSvgView>
      </View>
    </View>
    <View
      style={
        Object {
          "bottom": 10,
          "position": "absolute",
          "width": 750,
        }
      }
    >
      <View
        style={
          Object {
            "backgroundColor": "#2471A3",
            "height": 80,
            "marginTop": 130,
          }
        }
      >
        <RNSVGSvgView
          align="xMidYMid"
          bbHeight={200}
          bbWidth={750}
          focusable={false}
          height={200}
          meetOrSlice={0}
          minX={0}
          minY={0}
          style={
            Array [
              Object {
                "backgroundColor": "transparent",
                "borderWidth": 0,
              },
              Object {
                "bottom": 20,
                "position": "absolute",
              },
              Object {
                "flex": 0,
                "height": 200,
                "width": 750,
              },
            ]
          }
          vbHeight={320}
          vbWidth={1440}
          width={750}
        >
          <RNSVGGroup>
            <RNSVGPath
              d="M0,64L40,96C80,128,160,192,240,202.7C320,213,400,171,480,149.3C560,128,640,128,720,154.7C800,181,880,235,960,218.7C1040,203,1120,117,1200,74.7C1280,32,1360,32,1400,32L1440,32L1440,320L1400,320C1360,320,1280,320,1200,320C1120,320,1040,320,960,320C880,320,800,320,720,320C640,320,560,320,480,320C400,320,320,320,240,320C160,320,80,320,40,320L0,320Z"
              fill={4280578467}
              propList={
                Array [
                  "fill",
                ]
              }
            />
          </RNSVGGroup>
        </RNSVGSvgView>
      </View>
    </View>
  </View>
</RCTScrollView>
`;
