// Jest Snapshot v1, https://goo.gl/fbAQLP

exports[`question screen component snapshot 1`] = `
<View>
  <View>
    <Text
      style={
        Object {
          "color": "#003f69",
          "fontSize": 18,
          "margin": 5,
        }
      }
    >
      1
      /
    </Text>
    <Text
      style={
        Object {
          "fontSize": 20,
          "fontWeight": "500",
          "margin": 5,
          "textAlign": "center",
        }
      }
    />
  </View>
  <View>
    <View
      style={
        Object {
          "backgroundColor": "#42bff5",
          "borderRadius": 25,
          "fontSize": 18,
          "margin": 30,
          "marginBottom": 3,
          "padding": 0,
          "textAlign": "center",
        }
      }
    >
      <View
        accessible={true}
        collapsable={false}
        focusable={true}
        onClick={[Function]}
        onResponderGrant={[Function]}
        onResponderMove={[Function]}
        onResponderRelease={[Function]}
        onResponderTerminate={[Function]}
        onResponderTerminationRequest={[Function]}
        onStartShouldSetResponder={[Function]}
        style={
          Object {
            "opacity": 1,
          }
        }
      >
        <View
          style={
            Object {
              "backgroundColor": "#1ca3ec",
              "borderColor": "black",
              "borderRadius": 20,
              "margin": 4,
              "paddingHorizontal": 10,
              "paddingVertical": 10,
            }
          }
        >
          <Text
            style={
              Object {
                "color": "#ffffff",
                "fontSize": 18,
                "padding": 5,
                "textAlign": "center",
              }
            }
          />
        </View>
      </View>
    </View>
    <View
      style={
        Object {
          "backgroundColor": "#42bff5",
          "borderRadius": 25,
          "fontSize": 18,
          "margin": 30,
          "marginBottom": 3,
          "padding": 0,
          "textAlign": "center",
        }
      }
    >
      <View
        accessible={true}
        collapsable={false}
        focusable={true}
        onClick={[Function]}
        onResponderGrant={[Function]}
        onResponderMove={[Function]}
        onResponderRelease={[Function]}
        onResponderTerminate={[Function]}
        onResponderTerminationRequest={[Function]}
        onStartShouldSetResponder={[Function]}
        style={
          Object {
            "opacity": 1,
          }
        }
      >
        <View
          style={
            Object {
              "backgroundColor": "#1ca3ec",
              "borderColor": "black",
              "borderRadius": 20,
              "margin": 4,
              "paddingHorizontal": 10,
              "paddingVertical": 10,
            }
          }
        >
          <Text
            style={
              Object {
                "color": "#ffffff",
                "fontSize": 18,
                "padding": 5,
                "textAlign": "center",
              }
            }
          />
        </View>
      </View>
    </View>
    <View
      style={
        Object {
          "backgroundColor": "#42bff5",
          "borderRadius": 25,
          "fontSize": 18,
          "margin": 30,
          "marginBottom": 3,
          "padding": 0,
          "textAlign": "center",
        }
      }
    >
      <View
        accessible={true}
        collapsable={false}
        focusable={true}
        onClick={[Function]}
        onResponderGrant={[Function]}
        onResponderMove={[Function]}
        onResponderRelease={[Function]}
        onResponderTerminate={[Function]}
        onResponderTerminationRequest={[Function]}
        onStartShouldSetResponder={[Function]}
        style={
          Object {
            "opacity": 1,
          }
        }
      >
        <View
          style={
            Object {
              "backgroundColor": "#1ca3ec",
              "borderColor": "black",
              "borderRadius": 20,
              "margin": 4,
              "paddingHorizontal": 10,
              "paddingVertical": 10,
            }
          }
        >
          <Text
            style={
              Object {
                "color": "#ffffff",
                "fontSize": 18,
                "padding": 5,
                "textAlign": "center",
              }
            }
          />
        </View>
      </View>
    </View>
    <View
      style={
        Object {
          "backgroundColor": "#42bff5",
          "borderRadius": 25,
          "fontSize": 18,
          "margin": 30,
          "marginBottom": 3,
          "padding": 0,
          "textAlign": "center",
        }
      }
    >
      <View
        accessible={true}
        collapsable={false}
        focusable={true}
        onClick={[Function]}
        onResponderGrant={[Function]}
        onResponderMove={[Function]}
        onResponderRelease={[Function]}
        onResponderTerminate={[Function]}
        onResponderTerminationRequest={[Function]}
        onStartShouldSetResponder={[Function]}
        style={
          Object {
            "opacity": 1,
          }
        }
      >
        <View
          style={
            Object {
              "backgroundColor": "#1ca3ec",
              "borderColor": "black",
              "borderRadius": 20,
              "margin": 4,
              "paddingHorizontal": 10,
              "paddingVertical": 10,
            }
          }
        >
          <Text
            style={
              Object {
                "color": "#ffffff",
                "fontSize": 18,
                "padding": 5,
                "textAlign": "center",
              }
            }
          />
        </View>
      </View>
    </View>
  </View>
  <View
    style={
      Object {
        "alignItems": "center",
        "flexDirection": "row",
        "justifyContent": "center",
        "marginTop": 30,
      }
    }
  >
    <View
      accessible={true}
      collapsable={false}
      focusable={true}
      onClick={[Function]}
      onResponderGrant={[Function]}
      onResponderMove={[Function]}
      onResponderRelease={[Function]}
      onResponderTerminate={[Function]}
      onResponderTerminationRequest={[Function]}
      onStartShouldSetResponder={[Function]}
      style={
        Object {
          "opacity": 1,
        }
      }
    >
      <View
        style={
          Object {
            "backgroundColor": "#1ca3ec",
            "borderColor": "black",
            "borderRadius": 20,
            "margin": 4,
            "paddingHorizontal": 10,
            "paddingVertical": 10,
          }
        }
      >
        <Text
          style={
            Object {
              "color": "#ffffff",
              "fontSize": 18,
              "padding": 5,
              "textAlign": "center",
            }
          }
        >
          Next
        </Text>
      </View>
    </View>
  </View>
</View>
`;
