// Jest Snapshot v1, https://goo.gl/fbAQLP

exports[`Quiz Screen snapshot 1`] = `
<RCTSafeAreaView
  emulateUnlessSupported={true}
  style={
    Object {
      "flex": 1,
    }
  }
>
  <View
    style={
      Object {
        "flexDirection": "row",
        "justifyContent": "space-between",
      }
    }
  >
    <TextInput
      onChangeText={[Function]}
      style={
        Object {
          "alignSelf": "center",
          "borderRadius": 30,
          "borderWidth": 1,
          "margin": 10,
          "padding": 0,
          "paddingHorizontal": 10,
          "paddingVertical": 10,
          "width": 230,
        }
      }
    >
       
    </TextInput>
    <View
      accessible={true}
      collapsable={false}
      focusable={true}
      onClick={[Function]}
      onResponderGrant={[Function]}
      onResponderMove={[Function]}
      onResponderRelease={[Function]}
      onResponderTerminate={[Function]}
      onResponderTerminationRequest={[Function]}
      onStartShouldSetResponder={[Function]}
      style={
        Object {
          "opacity": 1,
        }
      }
    >
      <View
        style={
          Object {
            "alignSelf": "center",
            "backgroundColor": "#1ca3ec",
            "borderRadius": 50,
            "margin": 10,
            "padding": 0,
            "paddingHorizontal": 10,
            "paddingVertical": 10,
            "width": 125,
          }
        }
      >
        <Text
          style={
            Object {
              "color": "#ffffff",
              "fontSize": 18,
              "padding": 5,
              "textAlign": "center",
            }
          }
        >
          Refresh
        </Text>
      </View>
    </View>
  </View>
  <RCTScrollView
    data={Object {}}
    getItem={[Function]}
    getItemCount={[Function]}
    keyExtractor={[Function]}
    nestedScrollEnabled={true}
    onContentSizeChange={[Function]}
    onLayout={[Function]}
    onMomentumScrollBegin={[Function]}
    onMomentumScrollEnd={[Function]}
    onScroll={[Function]}
    onScrollBeginDrag={[Function]}
    onScrollEndDrag={[Function]}
    removeClippedSubviews={false}
    renderItem={[Function]}
    scrollEventThrottle={50}
    stickyHeaderIndices={Array []}
    viewabilityConfigCallbackPairs={Array []}
  >
    <View />
  </RCTScrollView>
</RCTSafeAreaView>
`;
