// Jest Snapshot v1, https://goo.gl/fbAQLP

exports[`Option component snapshot 1`] = `
<RCTScrollView>
  <View>
    <TextInput
      onChangeText={[Function]}
      onContentSizeChange={[Function]}
      placeholder="Enter Quiz Name"
      style={
        Object {
          "borderRadius": 10,
          "borderWidth": 1,
          "height": 40,
          "margin": 15,
          "marginTop": 70,
          "padding": 10,
        }
      }
      value=""
    />
    <View
      accessible={true}
      collapsable={false}
      focusable={true}
      onClick={[Function]}
      onResponderGrant={[Function]}
      onResponderMove={[Function]}
      onResponderRelease={[Function]}
      onResponderTerminate={[Function]}
      onResponderTerminationRequest={[Function]}
      onStartShouldSetResponder={[Function]}
      style={
        Object {
          "opacity": 1,
        }
      }
    >
      <View
        style={
          Object {
            "backgroundColor": "#1ca3ec",
            "borderColor": "black",
            "borderRadius": 20,
            "margin": 4,
            "paddingHorizontal": 10,
            "paddingVertical": 10,
          }
        }
      >
        <Text
          style={
            Object {
              "color": "#ffffff",
              "fontSize": 18,
              "padding": 5,
              "textAlign": "center",
            }
          }
        >
          Submit
        </Text>
      </View>
    </View>
  </View>
</RCTScrollView>
`;
