// Jest Snapshot v1, https://goo.gl/fbAQLP

exports[`Row component snapshot 1`] = `
<View
  accessible={true}
  collapsable={false}
  focusable={true}
  onClick={[Function]}
  onResponderGrant={[Function]}
  onResponderMove={[Function]}
  onResponderRelease={[Function]}
  onResponderTerminate={[Function]}
  onResponderTerminationRequest={[Function]}
  onStartShouldSetResponder={[Function]}
  style={
    Object {
      "opacity": 1,
    }
  }
>
  <View
    style={
      Object {
        "backgroundColor": "#003f69",
        "borderColor": "black",
        "borderRadius": 10,
        "height": 65,
        "margin": 10,
        "paddingHorizontal": 10,
        "paddingVertical": 10,
      }
    }
  >
    <Text
      style={
        Object {
          "color": "white",
          "fontSize": 16,
          "textAlign": "center",
        }
      }
    >
      "waterQuiz" By Mike
    </Text>
  </View>
</View>
`;
