// Jest Snapshot v1, https://goo.gl/fbAQLP

exports[`Table component snapshot 1`] = `
<RCTScrollView
  data={Object {}}
  getItem={[Function]}
  getItemCount={[Function]}
  keyExtractor={[Function]}
  nestedScrollEnabled={true}
  onContentSizeChange={[Function]}
  onLayout={[Function]}
  onMomentumScrollBegin={[Function]}
  onMomentumScrollEnd={[Function]}
  onScroll={[Function]}
  onScrollBeginDrag={[Function]}
  onScrollEndDrag={[Function]}
  removeClippedSubviews={false}
  renderItem={[Function]}
  scrollEventThrottle={50}
  stickyHeaderIndices={Array []}
  viewabilityConfigCallbackPairs={Array []}
>
  <View />
</RCTScrollView>
`;
