// Jest Snapshot v1, https://goo.gl/fbAQLP

exports[`Option component snapshot 1`] = `
<View
  style={
    Object {
      "alignItems": "center",
      "flex": 1,
      "justifyContent": "center",
    }
  }
>
  <View
    style={
      Object {
        "position": "absolute",
        "top": 0,
        "width": 750,
      }
    }
  >
    <View
      style={
        Object {
          "backgroundColor": "#2471A3",
          "height": 80,
        }
      }
    >
      <RNSVGSvgView
        align="xMidYMid"
        bbHeight={200}
        bbWidth={750}
        focusable={false}
        height={200}
        meetOrSlice={0}
        minX={0}
        minY={0}
        style={
          Array [
            Object {
              "backgroundColor": "transparent",
              "borderWidth": 0,
            },
            Object {
              "flex": 0,
              "height": 200,
              "width": 750,
            },
          ]
        }
        vbHeight={320}
        vbWidth={1440}
        width={750}
      >
        <RNSVGGroup>
          <RNSVGPath
            d="M0,192L60,170.7C120,149,240,107,360,112C480,117,600,171,720,197.3C840,224,960,224,1080,208C1200,192,1320,160,1380,144L1440,128L1440,0L1380,0C1320,0,1200,0,1080,0C960,0,840,0,720,0C600,0,480,0,360,0C240,0,120,0,60,0L0,0Z"
            fill={4280578467}
            propList={
              Array [
                "fill",
              ]
            }
          />
        </RNSVGGroup>
      </RNSVGSvgView>
    </View>
  </View>
  <Text
    style={
      Object {
        "color": "#2471A3",
        "fontSize": 30,
        "fontWeight": "500",
        "margin": 40,
        "textAlign": "center",
      }
    }
  >
    Results
  </Text>
  <Text
    style={
      Object {
        "color": "#000000",
        "fontSize": 25,
        "fontWeight": "500",
        "textAlign": "center",
      }
    }
  >
    Water Usage: 
     litres/day
  </Text>
  <Text
    style={
      Object {
        "color": "#000000",
        "fontSize": 25,
        "fontWeight": "500",
        "marginTop": 40,
        "textAlign": "center",
      }
    }
  >
    Canada Average Water Usage: 2432 litres/day
  </Text>
  <View
    style={
      Object {
        "bottom": 0,
        "position": "absolute",
        "width": 750,
      }
    }
  >
    <View
      style={
        Object {
          "backgroundColor": "#2471A3",
          "height": 80,
        }
      }
    >
      <RNSVGSvgView
        align="xMidYMid"
        bbHeight={200}
        bbWidth={750}
        focusable={false}
        height={200}
        meetOrSlice={0}
        minX={0}
        minY={0}
        style={
          Array [
            Object {
              "backgroundColor": "transparent",
              "borderWidth": 0,
            },
            Object {
              "bottom": 20,
              "position": "absolute",
            },
            Object {
              "flex": 0,
              "height": 200,
              "width": 750,
            },
          ]
        }
        vbHeight={320}
        vbWidth={1440}
        width={750}
      >
        <RNSVGGroup>
          <RNSVGPath
            d="M0,64L40,96C80,128,160,192,240,202.7C320,213,400,171,480,149.3C560,128,640,128,720,154.7C800,181,880,235,960,218.7C1040,203,1120,117,1200,74.7C1280,32,1360,32,1400,32L1440,32L1440,320L1400,320C1360,320,1280,320,1200,320C1120,320,1040,320,960,320C880,320,800,320,720,320C640,320,560,320,480,320C400,320,320,320,240,320C160,320,80,320,40,320L0,320Z"
            fill={4280578467}
            propList={
              Array [
                "fill",
              ]
            }
          />
        </RNSVGGroup>
      </RNSVGSvgView>
    </View>
  </View>
</View>
`;
